-------------------------------------------------------------------------------------------------------------------
      name:  <unnamed>
       log:  /Users/kw/Documents/GitHub/households-research/analysis/02_an_data_checks.log
  log type:  text
 opened on:  19 Aug 2020, 13:15:29

. 
. *capture log close
. *log using "$Logdir/02_an_data_checks", replace t
. 
. numlabel, add
(dataset has no value labels)

. 
end of do-file

. do "/var/folders/g5/db_qw2zn4m14_7r7r2_pfymr0000gn/T//SD01480.000000"

. datacheck _n==1, by(patient_id) nol
no variables defined
(error in option by())
r(111);

end of do-file

r(111);

. do "/var/folders/g5/db_qw2zn4m14_7r7r2_pfymr0000gn/T//SD01480.000000"

. cd ${outputData}
/Users/kw/Documents/draftSTATAoutput/households

. clear all

. use hh_analysis_dataset_DRAFT.dta, clear

. 
end of do-file

. do "/var/folders/g5/db_qw2zn4m14_7r7r2_pfymr0000gn/T//SD01480.000000"

. cap log close
